Looking for course...
Executing (default): SELECT `id`, `title`, `description`, `price`, `thumbnail_url`, `discount_amount`, `category`, `mentor_name`, `mentor_title`, `mentor_photo_profile`, `status`, `createdAt`, `updatedAt` FROM `Courses` AS `Course` WHERE `Course`.`id` = 'CR-753433';
Course found: tidur berdiri Price: 1000.00
Checking existing enrollment...
Executing (default): SELECT `id`, `user_id`, `course_id`, `midtrans_transaction_id`, `status`, `amount_paid`, `payment_method`, `enrolled_at`, `createdAt`, `updatedAt` FROM `UserEnrollments` AS `UserEnrollment` WHERE `UserEnrollment`.`user_id` = 'USR-761905' AND `UserEnrollment`.`course_id` = 'CR-753433' LIMIT 1;
Existing enrollment: None
Creating new enrollment...
Payload: {"id":"EN-306578","user_id":"USR-761905","course_id":"CR-753433","midtrans_transaction_id":"LENTERA-TEST-1766827836361","status":"pending","amount_paid":1000}
Executing (default): INSERT INTO `UserEnrollments` (`id`,`user_id`,`course_id`,`midtrans_transaction_id`,`status`,`amount_paid`,`createdAt`,`updatedAt`) VALUES (?,?,?,?,?,?,?,?);
node : === ERROR ===
At line:1 char:1
+ node test-checkout.js > 
test-output.txt 2>&1; cat test-output.txt
+ ~~~~~~~~~~~~~~~~~~~~~~~~~~~~~~~~~~~~~~~
~~~~~
    + CategoryInfo          : NotSpecifi 
   ed: (=== ERROR ===:String) [], Remot  
  eException
    + FullyQualifiedErrorId : NativeComm 
   andError
 
Error name: 
SequelizeUniqueConstraintError
Error message: Validation error
Validation error field: 
user_learning_path_unique_constraint | 
value: USR-761905 | message: 
user_learning_path_unique_constraint 
must be unique
Parent error: Duplicate entry 
'USR-761905' for key 'userenrollments.use
r_learning_path_unique_constraint'
SQL: INSERT INTO `UserEnrollments` (`id`,
`user_id`,`course_id`,`midtrans_transacti
on_id`,`status`,`amount_paid`,`createdAt`
,`updatedAt`) VALUES (?,?,?,?,?,?,?,?);
